// Vitest Snapshot v1, https://vitest.dev/guide/snapshot.html

exports[`registry coverage > covers or knowingly unwraps every builtin component 1`] = `
[
  "AlertAction",
  "AlertDialogAction",
  "AlertDialogCancel",
  "AlertDialogFooter",
  "AlertDialogHeader",
  "AlertDialogMedia",
  "AlertDialogOverlay",
  "AlertDialogPortal",
  "AlertDialogTrigger",
  "Attachment",
  "AttachmentAction",
  "AttachmentActions",
  "AttachmentContent",
  "AttachmentDescription",
  "AttachmentGroup",
  "AttachmentMedia",
  "AttachmentTitle",
  "AttachmentTrigger",
  "AvatarBadge",
  "AvatarGroup",
  "AvatarGroupCount",
  "BreadcrumbItem",
  "BubbleContent",
  "BubbleGroup",
  "BubbleReactions",
  "ButtonGroup",
  "CalendarDayButton",
  "CardAction",
  "Carousel",
  "CarouselContent",
  "ChartContainer",
  "ChartLegend",
  "ChartLegendContent",
  "ChartStyle",
  "ChartTooltip",
  "ChartTooltipContent",
  "Combobox",
  "ComboboxChip",
  "ComboboxChips",
  "ComboboxChipsInput",
  "ComboboxCollection",
  "ComboboxContent",
  "ComboboxEmpty",
  "ComboboxGroup",
  "ComboboxItem",
  "ComboboxLabel",
  "ComboboxList",
  "ComboboxSeparator",
  "ComboboxTrigger",
  "ComboboxValue",
  "CommandDialog",
  "CommandEmpty",
  "CommandGroup",
  "CommandList",
  "ContextMenuCheckboxItem",
  "ContextMenuGroup",
  "ContextMenuLabel",
  "ContextMenuPortal",
  "ContextMenuRadioGroup",
  "ContextMenuRadioItem",
  "ContextMenuShortcut",
  "ContextMenuSub",
  "ContextMenuSubContent",
  "ContextMenuSubTrigger",
  "ContextMenuTrigger",
  "DialogClose",
  "DialogFooter",
  "DialogHeader",
  "DialogOverlay",
  "DialogPortal",
  "DialogTrigger",
  "DirectionProvider",
  "DrawerClose",
  "DrawerFooter",
  "DrawerHeader",
  "DrawerOverlay",
  "DrawerPortal",
  "DrawerSwipeHandle",
  "DrawerTrigger",
  "DropdownMenuGroup",
  "DropdownMenuLabel",
  "DropdownMenuPortal",
  "DropdownMenuRadioGroup",
  "DropdownMenuShortcut",
  "DropdownMenuSubTrigger",
  "DropdownMenuTrigger",
  "Empty",
  "EmptyContent",
  "EmptyHeader",
  "EmptyMedia",
  "Field",
  "FieldContent",
  "FieldDescription",
  "FieldError",
  "FrameFooter",
  "FrameHeader",
  "FramePanel",
  "HoverCardTrigger",
  "InputGroup",
  "InputGroupAddon",
  "InputGroupButton",
  "InputGroupText",
  "InputOTPGroup",
  "Item",
  "ItemActions",
  "ItemContent",
  "ItemFooter",
  "ItemGroup",
  "ItemHeader",
  "ItemMedia",
  "MarkerContent",
  "MarkerIcon",
  "MenubarCheckboxItem",
  "MenubarGroup",
  "MenubarLabel",
  "MenubarPortal",
  "MenubarRadioGroup",
  "MenubarRadioItem",
  "MenubarShortcut",
  "MenubarSub",
  "MenubarSubContent",
  "MenubarSubTrigger",
  "MenubarTrigger",
  "MessageAvatar",
  "MessageContent",
  "MessageFooter",
  "MessageGroup",
  "MessageHeader",
  "MessageScroller",
  "MessageScrollerButton",
  "MessageScrollerContent",
  "MessageScrollerItem",
  "MessageScrollerProvider",
  "MessageScrollerViewport",
  "MeterLabel",
  "MeterTrack",
  "NativeSelectOptGroup",
  "NavigationMenuContent",
  "NavigationMenuIndicator",
  "NavigationMenuItem",
  "NavigationMenuPositioner",
  "NavigationMenuTrigger",
  "PaginationContent",
  "PaginationItem",
  "PopoverDescription",
  "PopoverHeader",
  "PopoverTitle",
  "PopoverTrigger",
  "ProgressLabel",
  "ProgressTrack",
  "QuestionnaireActions",
  "QuestionnaireChoiceDescription",
  "QuestionnaireError",
  "QuestionnaireInput",
  "QuestionnaireNext",
  "QuestionnairePrevious",
  "QuestionnaireSkip",
  "QuestionnaireSubmit",
  "RadioGroup",
  "ResizablePanelGroup",
  "ScrollBar",
  "SelectContent",
  "SelectGroup",
  "SelectLabel",
  "SelectScrollDownButton",
  "SelectScrollUpButton",
  "SelectTrigger",
  "SheetClose",
  "SheetFooter",
  "SheetHeader",
  "SheetTrigger",
  "SidebarContent",
  "SidebarFooter",
  "SidebarGroup",
  "SidebarGroupAction",
  "SidebarGroupContent",
  "SidebarGroupLabel",
  "SidebarHeader",
  "SidebarMenu",
  "SidebarMenuAction",
  "SidebarMenuBadge",
  "SidebarMenuButton",
  "SidebarMenuItem",
  "SidebarMenuSub",
  "SidebarMenuSubButton",
  "SidebarMenuSubItem",
  "SidebarProvider",
  "SidebarRail",
  "SidebarTrigger",
  "TableBody",
  "TableCaption",
  "TableCell",
  "TableFooter",
  "TableHead",
  "TableHeader",
  "TableRow",
  "TabsContent",
  "ToastAction",
  "ToastClose",
  "ToastContent",
  "ToastPortal",
  "ToastProvider",
  "ToastViewport",
  "Toaster",
  "TooltipProvider",
  "TooltipTrigger",
  "pre",
]
`;
